C51 COMPILER V9.51   LINE_COUNTER_PM                                                       03/26/2015 03:13:30 PAGE 1   


C51 COMPILER V9.51, COMPILATION OF MODULE LINE_COUNTER_PM
OBJECT MODULE PLACED IN .\DP8051\DP8051_Keil_951\Release\LINE_COUNTER_PM.obj
COMPILER INVOKED BY: C:\Program Files (x86)\Cypress\PSoC Creator\3.1\PSoC Creator\import\keil\pk51\9.51\C51\BIN\c51.exe 
                    -.\Generated_Source\PSoC3\LINE_COUNTER_PM.c NOIV LARGE MODDP2 OMF2 VB(1) NOIP INCDIR(.,.\Generated_Source\PSoC3) FF(3) DB
                    - WL(2) PR(.\DP8051\DP8051_Keil_951\Release/LINE_COUNTER_PM.lst) CD OT(8,SIZE) OJ(.\DP8051\DP8051_Keil_951\Release\LINE_C
                    -OUNTER_PM.obj)

line level    source

*** MESSAGE C286 IN LINE 0 OF (null): license limits optimization to level 5
   1          /*******************************************************************************
   2          * File Name: LINE_COUNTER_PM.c  
   3          * Version 2.40
   4          *
   5          *  Description:
   6          *    This file provides the power management source code to API for the
   7          *    Counter.  
   8          *
   9          *   Note:
  10          *     None
  11          *
  12          *******************************************************************************
  13          * Copyright 2008-2012, Cypress Semiconductor Corporation.  All rights reserved.
  14          * You may use this file only in accordance with the license, terms, conditions, 
  15          * disclaimers, and limitations in the end user license agreement accompanying 
  16          * the software package with which this file was provided.
  17          ********************************************************************************/
  18          
  19          #include "LINE_COUNTER.h"
  20          
  21          static LINE_COUNTER_backupStruct LINE_COUNTER_backup;
  22          
  23          
  24          /*******************************************************************************
  25          * Function Name: LINE_COUNTER_SaveConfig
  26          ********************************************************************************
  27          * Summary:
  28          *     Save the current user configuration
  29          *
  30          * Parameters:  
  31          *  void
  32          *
  33          * Return: 
  34          *  void
  35          *
  36          * Global variables:
  37          *  LINE_COUNTER_backup:  Variables of this global structure are modified to 
  38          *  store the values of non retention configuration registers when Sleep() API is 
  39          *  called.
  40          *
  41          *******************************************************************************/
  42          void LINE_COUNTER_SaveConfig(void) 
  43          {
  44   1          #if (!LINE_COUNTER_UsingFixedFunction)
  45   1      
  46   1              LINE_COUNTER_backup.CounterUdb = LINE_COUNTER_ReadCounter();
  47   1      
  48   1              #if (CY_UDB_V0)
                          LINE_COUNTER_backup.CounterPeriod = LINE_COUNTER_ReadPeriod();
                          LINE_COUNTER_backup.CompareValue = LINE_COUNTER_ReadCompare();
                          LINE_COUNTER_backup.InterruptMaskValue = LINE_COUNTER_STATUS_MASK;
C51 COMPILER V9.51   LINE_COUNTER_PM                                                       03/26/2015 03:13:30 PAGE 2   

                      #endif /* CY_UDB_V0 */
  53   1      
  54   1              #if(!LINE_COUNTER_ControlRegRemoved)
  55   1                  LINE_COUNTER_backup.CounterControlRegister = LINE_COUNTER_ReadControlRegister();
  56   1              #endif /* (!LINE_COUNTER_ControlRegRemoved) */
  57   1      
  58   1          #endif /* (!LINE_COUNTER_UsingFixedFunction) */
  59   1      }
  60          
  61          
  62          /*******************************************************************************
  63          * Function Name: LINE_COUNTER_RestoreConfig
  64          ********************************************************************************
  65          *
  66          * Summary:
  67          *  Restores the current user configuration.
  68          *
  69          * Parameters:  
  70          *  void
  71          *
  72          * Return: 
  73          *  void
  74          *
  75          * Global variables:
  76          *  LINE_COUNTER_backup:  Variables of this global structure are used to 
  77          *  restore the values of non retention registers on wakeup from sleep mode.
  78          *
  79          *******************************************************************************/
  80          void LINE_COUNTER_RestoreConfig(void) 
  81          {      
  82   1          #if (!LINE_COUNTER_UsingFixedFunction)
  83   1      
  84   1              #if (CY_UDB_V0)
                          uint8 LINE_COUNTER_interruptState;
                      #endif  /* (CY_UDB_V0) */
  87   1      
  88   1             LINE_COUNTER_WriteCounter(LINE_COUNTER_backup.CounterUdb);
  89   1      
  90   1              #if (CY_UDB_V0)
                          LINE_COUNTER_WritePeriod(LINE_COUNTER_backup.CounterPeriod);
                          LINE_COUNTER_WriteCompare(LINE_COUNTER_backup.CompareValue);
              
                          LINE_COUNTER_interruptState = CyEnterCriticalSection();
                          LINE_COUNTER_STATUS_AUX_CTRL |= LINE_COUNTER_STATUS_ACTL_INT_EN_MASK;
                          CyExitCriticalSection(LINE_COUNTER_interruptState);
              
                          LINE_COUNTER_STATUS_MASK = LINE_COUNTER_backup.InterruptMaskValue;
                      #endif  /* (CY_UDB_V0) */
 100   1      
 101   1              #if(!LINE_COUNTER_ControlRegRemoved)
 102   1                  LINE_COUNTER_WriteControlRegister(LINE_COUNTER_backup.CounterControlRegister);
 103   1              #endif /* (!LINE_COUNTER_ControlRegRemoved) */
 104   1      
 105   1          #endif /* (!LINE_COUNTER_UsingFixedFunction) */
 106   1      }
 107          
 108          
 109          /*******************************************************************************
 110          * Function Name: LINE_COUNTER_Sleep
 111          ********************************************************************************
 112          * Summary:
 113          *     Stop and Save the user configuration
C51 COMPILER V9.51   LINE_COUNTER_PM                                                       03/26/2015 03:13:30 PAGE 3   

 114          *
 115          * Parameters:  
 116          *  void
 117          *
 118          * Return: 
 119          *  void
 120          *
 121          * Global variables:
 122          *  LINE_COUNTER_backup.enableState:  Is modified depending on the enable 
 123          *  state of the block before entering sleep mode.
 124          *
 125          *******************************************************************************/
 126          void LINE_COUNTER_Sleep(void) 
 127          {
 128   1          #if(!LINE_COUNTER_ControlRegRemoved)
 129   1              /* Save Counter's enable state */
 130   1              if(LINE_COUNTER_CTRL_ENABLE == (LINE_COUNTER_CONTROL & LINE_COUNTER_CTRL_ENABLE))
 131   1              {
 132   2                  /* Counter is enabled */
 133   2                  LINE_COUNTER_backup.CounterEnableState = 1u;
 134   2              }
 135   1              else
 136   1              {
 137   2                  /* Counter is disabled */
 138   2                  LINE_COUNTER_backup.CounterEnableState = 0u;
 139   2              }
 140   1          #else
                      LINE_COUNTER_backup.CounterEnableState = 1u;
                      if(LINE_COUNTER_backup.CounterEnableState != 0u)
                      {
                          LINE_COUNTER_backup.CounterEnableState = 0u;
                      }
                  #endif /* (!LINE_COUNTER_ControlRegRemoved) */
 147   1          
 148   1          LINE_COUNTER_Stop();
 149   1          LINE_COUNTER_SaveConfig();
 150   1      }
 151          
 152          
 153          /*******************************************************************************
 154          * Function Name: LINE_COUNTER_Wakeup
 155          ********************************************************************************
 156          *
 157          * Summary:
 158          *  Restores and enables the user configuration
 159          *  
 160          * Parameters:  
 161          *  void
 162          *
 163          * Return: 
 164          *  void
 165          *
 166          * Global variables:
 167          *  LINE_COUNTER_backup.enableState:  Is used to restore the enable state of 
 168          *  block on wakeup from sleep mode.
 169          *
 170          *******************************************************************************/
 171          void LINE_COUNTER_Wakeup(void) 
 172          {
 173   1          LINE_COUNTER_RestoreConfig();
 174   1          #if(!LINE_COUNTER_ControlRegRemoved)
 175   1              if(LINE_COUNTER_backup.CounterEnableState == 1u)
C51 COMPILER V9.51   LINE_COUNTER_PM                                                       03/26/2015 03:13:30 PAGE 4   

 176   1              {
 177   2                  /* Enable Counter's operation */
 178   2                  LINE_COUNTER_Enable();
 179   2              } /* Do nothing if Counter was disabled before */    
 180   1          #endif /* (!LINE_COUNTER_ControlRegRemoved) */
 181   1          
 182   1      }
 183          
 184          
 185          /* [] END OF FILE */
C51 COMPILER V9.51   LINE_COUNTER_PM                                                       03/26/2015 03:13:30 PAGE 5   

ASSEMBLY LISTING OF GENERATED OBJECT CODE


             ; FUNCTION LINE_COUNTER_SaveConfig (BEGIN)
                                           ; SOURCE LINE # 42
                                           ; SOURCE LINE # 43
                                           ; SOURCE LINE # 46
0000 120000      E     LCALL   LINE_COUNTER_ReadCounter
0003 900000      R     MOV     DPTR,#LINE_COUNTER_backup+01H
0006 EF                MOV     A,R7
0007 F0                MOVX    @DPTR,A
                                           ; SOURCE LINE # 55
0008 120000      E     LCALL   LINE_COUNTER_ReadControlRegister
000B 900000      R     MOV     DPTR,#LINE_COUNTER_backup+02H
000E EF                MOV     A,R7
000F F0                MOVX    @DPTR,A
                                           ; SOURCE LINE # 59
0010 22                RET     
             ; FUNCTION LINE_COUNTER_SaveConfig (END)

             ; FUNCTION LINE_COUNTER_RestoreConfig (BEGIN)
                                           ; SOURCE LINE # 80
                                           ; SOURCE LINE # 81
                                           ; SOURCE LINE # 88
0000 900000      R     MOV     DPTR,#LINE_COUNTER_backup+01H
0003 E0                MOVX    A,@DPTR
0004 FF                MOV     R7,A
0005 120000      E     LCALL   _LINE_COUNTER_WriteCounter
                                           ; SOURCE LINE # 102
0008 900000      R     MOV     DPTR,#LINE_COUNTER_backup+02H
000B E0                MOVX    A,@DPTR
000C FF                MOV     R7,A
000D 120000      E     LCALL   _LINE_COUNTER_WriteControlRegister
                                           ; SOURCE LINE # 106
0010 22                RET     
             ; FUNCTION LINE_COUNTER_RestoreConfig (END)

             ; FUNCTION LINE_COUNTER_Sleep (BEGIN)
                                           ; SOURCE LINE # 126
                                           ; SOURCE LINE # 127
                                           ; SOURCE LINE # 130
0000 906475            MOV     DPTR,#06475H
0003 E0                MOVX    A,@DPTR
0004 30E708            JNB     ACC.7,?C0003
                                           ; SOURCE LINE # 131
                                           ; SOURCE LINE # 133
0007 900000      R     MOV     DPTR,#LINE_COUNTER_backup
000A 7401              MOV     A,#01H
000C F0                MOVX    @DPTR,A
                                           ; SOURCE LINE # 134
000D 8005              SJMP    ?C0004
000F         ?C0003:
                                           ; SOURCE LINE # 136
                                           ; SOURCE LINE # 138
000F E4                CLR     A
0010 900000      R     MOV     DPTR,#LINE_COUNTER_backup
0013 F0                MOVX    @DPTR,A
                                           ; SOURCE LINE # 139
0014         ?C0004:
                                           ; SOURCE LINE # 148
0014 120000      E     LCALL   LINE_COUNTER_Stop
                                           ; SOURCE LINE # 149
C51 COMPILER V9.51   LINE_COUNTER_PM                                                       03/26/2015 03:13:30 PAGE 6   

0017 120000      R     LCALL   LINE_COUNTER_SaveConfig
                                           ; SOURCE LINE # 150
001A 22                RET     
             ; FUNCTION LINE_COUNTER_Sleep (END)

             ; FUNCTION LINE_COUNTER_Wakeup (BEGIN)
                                           ; SOURCE LINE # 171
                                           ; SOURCE LINE # 172
                                           ; SOURCE LINE # 173
0000 120000      R     LCALL   LINE_COUNTER_RestoreConfig
                                           ; SOURCE LINE # 175
0003 900000      R     MOV     DPTR,#LINE_COUNTER_backup
0006 E0                MOVX    A,@DPTR
0007 B40103            CJNE    A,#01H,?C0007
                                           ; SOURCE LINE # 176
                                           ; SOURCE LINE # 178
000A 120000      E     LCALL   LINE_COUNTER_Enable
                                           ; SOURCE LINE # 179
                                           ; SOURCE LINE # 182
000D         ?C0007:
000D 22                RET     
             ; FUNCTION LINE_COUNTER_Wakeup (END)



MODULE INFORMATION:   STATIC OVERLAYABLE
   CODE SIZE        =     75    ----
   CONSTANT SIZE    =   ----    ----
   XDATA SIZE       =      3    ----
   PDATA SIZE       =   ----    ----
   DATA SIZE        =   ----    ----
   IDATA SIZE       =   ----    ----
   BIT SIZE         =   ----    ----
   EDATA SIZE       =   ----    ----
   HDATA SIZE       =   ----    ----
   XDATA CONST SIZE =   ----    ----
   FAR CONST SIZE   =   ----    ----
END OF MODULE INFORMATION.


C51 COMPILATION COMPLETE.  0 WARNING(S),  0 ERROR(S)
